
> jarihana-frontend@1.0.0 build
> webpack --mode production

assets by status 701 KiB [cached] 22 assets
assets by path . 419 KiB
  asset assets/main.f13c94e5.js 418 KiB [emitted] [immutable] [minimized] [big] (name: main) 1 related asset
  asset index.html 565 bytes [emitted] [compared for emit]
  asset manifest.webmanifest 187 bytes [compared for emit] [from: public/manifest.webmanifest] [copied]
orphan modules 1.4 MiB [orphan] 254 modules
runtime modules 7.81 KiB 11 modules
cacheable modules 1.73 MiB (javascript) 510 KiB (asset)
  javascript modules 1.73 MiB
    modules by path ./node_modules/ 1.36 MiB 55 modules
    modules by path ./src/ 383 KiB 24 modules
    react-grab (ignored) 15 bytes [built] [code generated]
    react-scan/lite (ignored) 15 bytes [built] [code generated]
  asset modules 510 KiB (asset) 462 bytes (javascript)
    modules by path ./src/shared/assets/figma/*.svg 9.62 KiB (asset) 378 bytes (javascript)
      ./src/shared/assets/figma/edit-01.svg 386 bytes (asset) 42 bytes (javascript) [built] [code generated]
      + 8 modules
    modules by path ./src/shared/assets/figma/*.png 500 KiB (asset) 84 bytes (javascript)
      ./src/shared/assets/figma/my-profile-illustration.png 388 KiB (asset) 42 bytes (javascript) [built] [code generated]
      ./src/shared/assets/figma/my-companion-illustration.png 113 KiB (asset) 42 bytes (javascript) [built] [code generated]

WARNING in asset size limit: The following asset(s) exceed the recommended size limit (244 KiB).
This can impact web performance.
Assets: 
  assets/my-profile-illustration.f6b76bae.png (388 KiB)
  assets/main.f13c94e5.js (418 KiB)

WARNING in entrypoint size limit: The following entrypoint(s) combined asset size exceeds the recommended limit (244 KiB). This can impact web performance.
Entrypoints:
  main (418 KiB)
      assets/main.f13c94e5.js

webpack 5.109.2 compiled with 2 warnings in 3313 ms
