2:  max-width: calc(var(--container-shell) - var(--space-8));
4:  padding: var(--space-10) var(--space-6) var(--space-16);
5:  color: var(--color-ink);
12:  gap: var(--space-6);
13:  margin-bottom: var(--space-8);
16:.manage-heading h1 { margin: 0 0 var(--space-2); font-size: var(--text-h1); line-height: 1.3; }
17:.manage-heading p { margin: 0; color: var(--color-muted); }
18:.manage-eyebrow { margin-bottom: var(--space-2) !important; color: var(--color-brand-strong) !important; font-weight: 700; }
21:  min-width: 220px;
22:  padding: var(--space-5) var(--space-6);
23:  border: 1px solid var(--color-line);
24:  border-radius: var(--radius-md);
25:  background: var(--color-surface);
27:.manage-stat span { display: block; margin-bottom: var(--space-2); color: var(--color-muted); font-size: var(--text-caption); }
28:.manage-stat strong { color: var(--color-brand-strong); font-size: var(--text-h2); }
35:  gap: var(--space-5);
36:  padding: var(--space-5) var(--space-6);
37:  border: 1px solid var(--color-line);
38:  border-radius: var(--radius-md);
39:  background: var(--color-surface);
44:  flex: 0 0 var(--space-12);
45:  width: var(--space-12);
46:  height: var(--space-12);
48:  border-radius: var(--radius-pill);
49:  background: var(--color-brand-soft);
50:  color: var(--color-ink);
53:.manage-member-identity { display: grid; min-width: 160px; gap: var(--space-1); }
54:.manage-member-identity span { color: var(--color-muted); font-size: var(--text-caption); }
55:.manage-row-facts { display: grid; flex: 1; grid-template-columns: repeat(3, minmax(92px, 1fr)); gap: var(--space-5); margin: 0; }
56:.manage-row-facts div { display: grid; gap: var(--space-1); }
57:.manage-row-facts dt { color: var(--color-muted); font-size: var(--text-caption); }
62:  gap: var(--space-1);
63:  margin-bottom: var(--space-5);
64:  padding: var(--space-4);
65:  border-radius: var(--radius-sm);
66:  background: var(--color-danger-soft);
67:  color: var(--color-danger);
70:.manage-grid { display: grid; grid-template-columns: minmax(280px, 380px) minmax(0, 1fr); gap: var(--space-6); align-items: start; }
71:.manage-panel { padding: var(--space-6); border: 1px solid var(--color-line); border-radius: var(--radius-lg); background: var(--color-surface); }
72:.manage-panel h2 { margin: 0 0 var(--space-5); font-size: var(--text-h2); }
73:.manage-form { display: grid; gap: var(--space-4); }
74:.manage-field { display: grid; gap: var(--space-2); font-weight: 600; }
77:.manage-field textarea { min-height: var(--space-12); padding: var(--space-3) var(--space-4); border: 1px solid var(--color-line); border-radius: var(--radius-sm); background: var(--color-surface); color: var(--color-ink); font: inherit; }
78:.manage-field textarea { min-height: 120px; resize: vertical; }
79:.manage-field small { color: var(--color-danger); }
80:.manage-card-list { display: grid; gap: var(--space-4); margin: 0; padding: 0; list-style: none; }
82:.manage-card-main { display: grid; gap: var(--space-3); }
83:.manage-card-main h3 { margin: 0; font-size: var(--text-h3); }
84:.manage-card-meta { display: flex; flex-wrap: wrap; gap: var(--space-3); color: var(--color-muted); font-size: var(--text-caption); }
85:.manage-card-actions { display: flex; align-items: center; gap: var(--space-2); }
86:.manage-toolbar { display: flex; justify-content: space-between; gap: var(--space-4); margin-bottom: var(--space-5); }
87:.manage-toolbar .manage-field { min-width: 180px; }
88:.manage-back-link { align-self: end; min-height: 44px; color: var(--color-brand-strong); font-weight: 700; line-height: 44px; }
89:.manage-decision-note { display: flex; flex-wrap: wrap; gap: var(--space-3); color: var(--color-muted); font-size: var(--text-caption); }
90:.manage-character-count { justify-self: end; color: var(--color-muted); font-size: var(--text-caption); font-weight: 400; }
92:@media (max-width: 767px) {
93:  .manage-page { padding: var(--space-6) var(--space-5) var(--space-12); }
