
> jarihana-frontend@1.0.0 build
> webpack --mode production

assets by status 690 bytes [cached] 2 assets
Entrypoint main =

ERROR in main
Module not found: Error: Can't resolve '/Users/ohjonghyuk0717/Desktop/jarihana/frontend/src/index.jsx' in '/Users/ohjonghyuk0717/Desktop/jarihana/frontend'
resolve '/Users/ohjonghyuk0717/Desktop/jarihana/frontend/src/index.jsx' in '/Users/ohjonghyuk0717/Desktop/jarihana/frontend'
  using description file: /Users/ohjonghyuk0717/Desktop/jarihana/frontend/package.json (relative path: .)
    Field 'browser' doesn't contain a valid alias configuration
    root path /Users/ohjonghyuk0717/Desktop/jarihana/frontend
      using description file: /Users/ohjonghyuk0717/Desktop/jarihana/frontend/package.json (relative path: ./Users/ohjonghyuk0717/Desktop/jarihana/frontend/src/index.jsx)
        no extension
          Field 'browser' doesn't contain a valid alias configuration
          /Users/ohjonghyuk0717/Desktop/jarihana/frontend/Users/ohjonghyuk0717/Desktop/jarihana/frontend/src/index.jsx doesn't exist
        .js
          Field 'browser' doesn't contain a valid alias configuration
          /Users/ohjonghyuk0717/Desktop/jarihana/frontend/Users/ohjonghyuk0717/Desktop/jarihana/frontend/src/index.jsx.js doesn't exist
        .jsx
          Field 'browser' doesn't contain a valid alias configuration
          /Users/ohjonghyuk0717/Desktop/jarihana/frontend/Users/ohjonghyuk0717/Desktop/jarihana/frontend/src/index.jsx.jsx doesn't exist
        as directory
          /Users/ohjonghyuk0717/Desktop/jarihana/frontend/Users/ohjonghyuk0717/Desktop/jarihana/frontend/src/index.jsx doesn't exist
    using description file: /Users/ohjonghyuk0717/Desktop/jarihana/frontend/package.json (relative path: ./src/index.jsx)
      no extension
        Field 'browser' doesn't contain a valid alias configuration
        /Users/ohjonghyuk0717/Desktop/jarihana/frontend/src/index.jsx doesn't exist
      .js
        Field 'browser' doesn't contain a valid alias configuration
        /Users/ohjonghyuk0717/Desktop/jarihana/frontend/src/index.jsx.js doesn't exist
      .jsx
        Field 'browser' doesn't contain a valid alias configuration
        /Users/ohjonghyuk0717/Desktop/jarihana/frontend/src/index.jsx.jsx doesn't exist
      as directory
        /Users/ohjonghyuk0717/Desktop/jarihana/frontend/src/index.jsx doesn't exist

webpack 5.109.2 compiled with 1 error in 152 ms
