Surface: in-app Browser, production Webpack preview at http://127.0.0.1:4175; actual backend through preview /api and /images proxy; no mocks or request interception.

1. Set viewport 1440x1000; navigate to http://127.0.0.1:4175/groups; wait for rendered data.
   Observed route=/groups; visible cards=8; names=로컬 테스트 그룹 01..08; imageCount=8; brokenImages=0 after image load; horizontalOverflow=false; console error logs=0.
2. Fill searchbox label `모임 검색` with `Spring Boot`; click exact button `검색`; wait for query refresh.
   Observed route=/groups?keyword=Spring+Boot; visible count=1; visible name=로컬 테스트 그룹 06; error state absent; console error logs=0.
3. Navigate to /groups; click exact button `스터디`; wait for query refresh.
   Observed route=/groups?type=STUDY; visible count=4; visible names=로컬 테스트 그룹 05, 06, 07, 08; aria-pressed on `스터디`=true; horizontalOverflow=false; console error logs=0.
4. Navigate to /groups; click first visible `.groups-grid a` link (href=/groups/1); wait for navigation.
   Observed route=/groups/1; heading=로컬 테스트 그룹 01; recruitment summary visible; error state absent; horizontalOverflow=false; console error logs=0.
5. Reload current deep link /groups/1; wait for data.
   Observed route=/groups/1; heading=로컬 테스트 그룹 01; error state absent; horizontalOverflow=false; console error logs=0.
6. Set viewport 360x1000; navigate /groups; scroll to document bottom to complete lazy images; return to top and capture.
   Observed route=/groups; visible cards=8; imageCount=8; brokenImages=0; incompleteImages=0; horizontalOverflow=false.
7. At 360x1000 navigate /groups/1 and capture.
   Observed route=/groups/1; heading=로컬 테스트 그룹 01; error state absent; horizontalOverflow=false; console error logs=0.

Console warnings were limited to pre-existing Webpack production asset-size warnings; no browser console errors were observed. The auth bootstrap requests `/api/members/me` and `/api/auth/refresh` returned expected 401 responses because no OAuth credentials/session were supplied; these are expected unauthenticated public-user calls, not unexpected failed network. Public groups/detail/image requests all returned 200. Proxy HTTP status and image signature are in proxy-http-check.txt.
8. At 1440x1000 fill searchbox with `___qa-no-match___`; click `검색`; wait for query refresh.
   Observed route=/groups?keyword=___qa-no-match___; visible count=0; empty state `조건에 맞는 모임이 아직 없어요` visible; error state absent; horizontalOverflow=false; console error logs=0.
9. For final screenshot evidence, restart the same production Webpack preview with `--no-hot`, use a fresh in-app Browser tab, and capture viewport screenshots at 1440x1000 and 360x1000 for `/groups` and `/groups/1`.
   Observed clean tab metrics: groups 1440 visibleCount=8, groups 360 visibleCount=8, detail headings=로컬 테스트 그룹 01 at both widths, all horizontalOverflow=false, brokenImages=0, console error logs=0. Canonical files use the `*-clean.png` paths in capture-integrity.txt.
10. Current-source rerun fallback: launch project Chromium with `frontend/node_modules/playwright`, no mocks/intercepts; observe `response` and `requestfailed` events only. Set 1440x1000, navigate `/groups`, search `Spring Boot`, reset and click `스터디`, click first group `/groups/1`, reload, no-match search; then set 360x1000 and navigate `/groups` and `/groups/1`.
   Observed: groups 1440=8, search=1 (group 06), type filter=4 (groups 05–08), detail/reload heading=로컬 테스트 그룹 01, no-match=0 with empty state, groups 360=8, detail 360 heading=로컬 테스트 그룹 01; all overflow=false and brokenImages=0; requestfailed=[]; public API/detail/image responses=200. Only expected anonymous `/api/members/me` and `/api/auth/refresh` 401 responses produced console 401 messages.
11. Final ui.css-alias rerun timestamp `2026-08-21T04:10:34.242Z`; same Playwright invocation and real backend. Results and observed response statuses are recorded in `current-run.json`; all scenarios PASS.
12. Final account-only CJK CSS rerun timestamp `2026-08-21T04:31:39.784Z`; source mtime baseline=1787286384. Groups=8, search=1, STUDY=4, no-match=0, detail/reload heading=로컬 테스트 그룹 01, 360 groups=8, detail heading preserved; all overflow/brokenImages false/zero, requestfailed=[], public API/detail/image responses=200. Expected anonymous auth 401s only.
