
> jarihana-frontend@1.0.0 build
> webpack --mode production

assets by status 807 KiB [cached] 11 assets
assets by path . 545 KiB
  asset assets/main.de75fc5d.js 544 KiB [emitted] [immutable] [minimized] [big] (name: main) 1 related asset
  asset index.html 565 bytes [emitted] [compared for emit]
  asset manifest.webmanifest 187 bytes [compared for emit] [from: public/manifest.webmanifest] [copied]
orphan modules 2.07 MiB [orphan] 313 modules
runtime modules 6.75 KiB 11 modules
cacheable modules 2.01 MiB (javascript) 509 KiB (asset)
  javascript modules 2.01 MiB
    modules by path ./node_modules/ 865 KiB 20 modules
    modules by path ./src/ 1.17 MiB
      modules by path ./src/pages/ 28.3 KiB 4 modules
      + 3 modules
  asset modules 509 KiB (asset) 336 bytes (javascript)
    modules by path ./src/shared/assets/figma/*.svg 8.55 KiB (asset) 252 bytes (javascript)
      ./src/shared/assets/figma/edit-01.svg 386 bytes (asset) 42 bytes (javascript) [built] [code generated]
      + 5 modules
    modules by path ./src/shared/assets/figma/*.png 500 KiB (asset) 84 bytes (javascript)
      ./src/shared/assets/figma/my-profile-illustration.png 388 KiB (asset) 42 bytes (javascript) [built] [code generated]
      ./src/shared/assets/figma/my-companion-illustration.png 113 KiB (asset) 42 bytes (javascript) [built] [code generated]

WARNING in asset size limit: The following asset(s) exceed the recommended size limit (244 KiB).
This can impact web performance.
Assets: 
  assets/my-profile-illustration.f6b76bae.png (388 KiB)
  assets/main.de75fc5d.js (544 KiB)

WARNING in entrypoint size limit: The following entrypoint(s) combined asset size exceeds the recommended limit (244 KiB). This can impact web performance.
Entrypoints:
  main (544 KiB)
      assets/main.de75fc5d.js

webpack 5.109.2 compiled with 2 warnings in 5233 ms
