
> jarihana-frontend@1.0.0 build
> webpack --mode production

assets by status 509 KiB [cached] 8 assets
assets by status 590 KiB [emitted]
  asset assets/main.5dbcfe78.js 417 KiB [emitted] [immutable] [minimized] [big] (name: main) 1 related asset
  asset assets/893.c5a2cec6.js 32.4 KiB [emitted] [immutable] [minimized] (id hint: vendors)
  asset assets/478.2020c997.js 30.1 KiB [emitted] [immutable] [minimized] 1 related asset
  asset assets/113.48fef41a.js 25.4 KiB [emitted] [immutable] [minimized]
  asset assets/258.a4ebca11.js 25.4 KiB [emitted] [immutable] [minimized]
  asset assets/668.77da38c7.js 19.3 KiB [emitted] [immutable] [minimized]
  asset assets/187.a7da53aa.js 18.5 KiB [emitted] [immutable] [minimized]
  asset assets/738.42b21c97.js 7.56 KiB [emitted] [immutable] [minimized]
  asset assets/184.cedac6f1.js 7.3 KiB [emitted] [immutable] [minimized]
  asset assets/69.efe2cbbd.js 6.24 KiB [emitted] [immutable] [minimized]
  asset index.html 565 bytes [emitted]
  + 2 assets
asset manifest.webmanifest 187 bytes [compared for emit] [from: public/manifest.webmanifest] [copied]
orphan modules 1.39 MiB [orphan] 253 modules
runtime modules 7.81 KiB 11 modules
cacheable modules 1.71 MiB (javascript) 509 KiB (asset)
  modules by path ./node_modules/ 1.36 MiB 55 modules
  modules by path ./src/ 361 KiB (javascript) 509 KiB (asset)
    javascript modules 360 KiB 24 modules
    asset modules 509 KiB (asset) 336 bytes (javascript)
      modules by path ./src/shared/assets/figma/*.svg 8.55 KiB (asset) 252 bytes (javascript) 6 modules
      modules by path ./src/shared/assets/figma/*.png 500 KiB (asset) 84 bytes (javascript)
        ./src/shared/assets/figma/my-profile-illustration.png 388 KiB (asset) 42 bytes (javascript) [built] [code generated]
        ./src/shared/assets/figma/my-companion-illustration.png 113 KiB (asset) 42 bytes (javascript) [built] [code generated]

WARNING in asset size limit: The following asset(s) exceed the recommended size limit (244 KiB).
This can impact web performance.
Assets: 
  assets/my-profile-illustration.f6b76bae.png (388 KiB)
  assets/main.5dbcfe78.js (417 KiB)

WARNING in entrypoint size limit: The following entrypoint(s) combined asset size exceeds the recommended limit (244 KiB). This can impact web performance.
Entrypoints:
  main (417 KiB)
      assets/main.5dbcfe78.js

webpack 5.109.2 compiled with 2 warnings in 3892 ms
